2026-02-01 16:28:29,938 - NotificationService - INFO - Initializing Notification Service...
2026-02-01 16:28:29,991 - NotificationService - INFO - Firebase Initialized.
2026-02-01 16:28:29,991 - NotificationService - INFO - Starting notification check...
2026-02-01 16:28:33,090 - NotificationService - INFO - Found 17 users with notifications enabled.
2026-02-01 16:28:49,373 - NotificationService - INFO - Cycle complete in 19.38s. Sleeping for 40.62s...
2026-02-01 16:29:29,992 - NotificationService - INFO - Starting notification check...
2026-02-01 16:29:32,901 - NotificationService - INFO - Found 17 users with notifications enabled.
2026-02-01 16:29:37,223 - NotificationService - INFO - Service shutting down...
2026-02-01 16:30:32,690 - NotificationService - INFO - Initializing Notification Service...
2026-02-01 16:30:32,741 - NotificationService - INFO - Firebase Initialized.
2026-02-01 16:30:32,741 - NotificationService - INFO - Attempting to send startup test notification...
2026-02-01 16:30:38,454 - NotificationService - INFO - Startup test notification sent to Yogesh
2026-02-01 16:30:38,454 - NotificationService - INFO - Starting notification check...
2026-02-01 16:30:41,542 - NotificationService - INFO - Found 17 users with notifications enabled.
2026-02-01 16:30:50,260 - NotificationService - INFO - Cycle complete in 11.81s. Sleeping for 48.19s...
2026-02-01 16:30:52,352 - NotificationService - INFO - Service shutting down...
2026-02-01 16:34:42,802 - NotificationService - INFO - Initializing Notification Service...
2026-02-01 16:34:42,853 - NotificationService - INFO - Firebase Initialized.
2026-02-01 16:34:42,854 - NotificationService - INFO - Attempting to send startup test notification...
2026-02-01 16:34:48,477 - NotificationService - INFO - Startup test notification sent to Yogesh
2026-02-01 16:34:48,478 - NotificationService - INFO - Starting notification check...
2026-02-01 16:34:51,616 - NotificationService - INFO - Found 17 users with notifications enabled.
2026-02-01 16:34:53,216 - NotificationService - INFO - Service shutting down...
